// Jest Snapshot v1, https://goo.gl/fbAQLP

exports[`Personal should render correctly 1`] = `
<div>
  <h3>
    Personal
  </h3>
  <p>
    dad | musician | writer | thinker | human-lover
  </p>
</div>
`;
