// Jest Snapshot v1, https://goo.gl/fbAQLP

exports[`Skills should render correctly 1`] = `
<div>
  <h3>
    Skills
  </h3>
  <ul>
    <li>
      Javascript
    </li>
    <li>
      react
    </li>
    <li>
      Node
    </li>
  </ul>
</div>
`;
